[mdx] Fatal error: File "test-case.md", lines 4-7: invalid code block: `pif` is not a valid label.
[mdx] Fatal error: File "test-case.md", lines 9-12: invalid code block: `foo` is not a valid label.
