File "test-case.t", lines 3-4: Error in the cram code block
Blocks must start with a command or similar, not with an output line. To indicate a line as a command, start it with a dollar followed by a space.
