[mdx] Fatal error: File "test-case.md", lines 3-4: invalid code block: `part` label is not allowed for non-OCaml include blocks.
