[mdx] Fatal error: File "test-case.md", lines 24-27: invalid code block: `pif` is not a valid label.
