only one of --prelude or --prelude-str should be used
