[mdx] Fatal error: File "test-case.md", lines 3-9: invalid code block: cannot mix both block labels syntax
